No matrix with the given index
2 6
7 7 -1 -1 -10 -6 
-9 2 2 7 6 2 
88 9996 9988 9943 9943 9983 
133 56 9983 9948 9865 9933 
9898 9997 22 67 94 42 
9961 9983 8 18 52 28 
9921 2 18 58 68 28 
