8832 9670 2108 3028 
3981 1129 8887 4818 
6256 2177 2918 606 
5122 554 6772 9776 
4 4
779 7213 2564 476 3282 2350 8729 860 
5166 7040 4849 7116 1161 2073 1662 4112 
1683 5547 1699 9867 3229 949 7480 4304 
3912 7747 8888 2099 5421 1591 5734 9066 
9855 7285 918 573 3469 8490 962 9712 
3955 1663 984 8410 6417 674 4588 3621 
2586 1179 4009 3010 2925 8223 4094 4799 
8828 2217 5199 4042 7243 6024 8649 5110 
8 8
