No matrix with the given index
3 3
Power should be positive
No matrix with the given index
7461 2006 6558 
7782 2050 6325 
8103 2094 6092 
3 3
