1167 2013 
1342 2326 
No matrix with the given index
1167 2013 
1342 2326 
30 18 26 
20 13 17 
20 10 18 
Power should be positive
30 18 26 
20 13 17 
20 10 18 
1780 1034 1554 
1200 699 1047 
1160 670 1014 
1780 1034 1554 
1200 699 1047 
1160 670 1014 
3 3
Cannot perform matrix multiplication
2 4 
1 3 
164 420 
105 269 
