No matrix with the given index
No matrix with the given index
7870 7989 9289 -4430 741 4169 -3695 -9984 
-5149 -6894 -1668 1278 8406 831 6029 2183 
-1344 -6456 -3227 4456 9663 8838 5781 -770 
-7750 -6862 -7087 4299 7361 -8127 4694 5819 
9574 4859 -112 2149 -8170 -3542 -9933 401 
4233 -8284 3931 -4457 -1281 -2539 3514 -3576 
2973 6354 -7490 -7509 7124 -8822 -1075 8970 
7 10
4132 9934 4513 6877 2522 4864 9879 9179 1913 9427 
2313 7773 5053 9066 1074 21 3617 7971 8783 1266 
3547 7367 3608 4705 5241 3439 7358 5406 9359 1863 
6618 5752 6902 4122 6751 8520 854 3770 6350 2588 
264 9097 3479 1376 3203 1403 8690 7422 4384 5519 
4808 3514 3417 1549 9810 8778 1517 497 6130 2720 
9869 1772 3333 5211 1713 8266 4815 7242 5392 1264 
